06:48:16 | INFO    | ╔══════════════════════════════════════════════════════════╗
06:48:16 | INFO    | ║     TRAFFIC DEMAND PREDICTION SYSTEM                    ║
06:48:16 | INFO    | ╚══════════════════════════════════════════════════════════╝
06:48:16 | INFO    | Phases to run: [7, 8, 9]
06:48:17 | INFO    | NumExpr defaulting to 10 threads.
06:48:18 | INFO    | ============================================================
06:48:18 | INFO    | PHASE 3: FEATURE ENGINEERING (fit_transform)
06:48:18 | INFO    | ============================================================
06:48:18 | INFO    |   Handling missing values...
06:48:18 | INFO    |   Creating time features...
06:48:18 | INFO    |   Creating cyclic features...
06:48:18 | INFO    |   Creating geospatial features...
06:48:19 | INFO    |   Creating infrastructure features...
06:48:19 | INFO    |   Creating weather features...
06:48:19 | INFO    |   Creating interaction features...
06:48:19 | INFO    |   Creating landmark features...
06:48:19 | INFO    | 
  Total features created: 36
06:48:19 | INFO    | Phase 3 complete (fit_transform).
06:48:20 | INFO    |   Ensemble base models: ['CatBoost', 'LightGBM', 'XGBoost']
06:48:20 | INFO    | ============================================================
06:48:20 | INFO    | PHASE 7: ENSEMBLE LEARNING
06:48:20 | INFO    | ============================================================
06:48:20 | INFO    | 
  Building weighted ensemble...
06:49:35 | INFO    |   Weighted ensemble R²: 0.9448
06:49:35 | INFO    |     CatBoost: 0.3597
06:49:35 | INFO    |     LightGBM: 0.0000
06:49:35 | INFO    |     XGBoost: 0.6403
06:49:35 | INFO    | 
  Building stacking ensemble...
06:50:55 | INFO    |   Stacking ensemble R²: 0.9449
06:50:55 | INFO    |   Meta-learner coefficients: {'CatBoost': np.float64(0.4293), 'LightGBM': np.float64(-0.0835), 'XGBoost': np.float64(0.6631)}
06:50:55 | INFO    | 
  Best ensemble: STACKING (R²=0.9449)
06:50:55 | INFO    | Phase 7 complete.
06:50:55 | INFO    | ============================================================
06:50:55 | INFO    | PHASE 8: EXPLAINABILITY (SHAP)
06:50:55 | INFO    | ============================================================
06:51:04 | INFO    |   Computing SHAP values for CatBoost...
06:51:07 | INFO    |   Generating global feature importance plot...
06:51:07 | INFO    |   Generating SHAP summary plot...
06:51:07 | INFO    |   Generating waterfall plots for sample predictions...
06:51:08 | INFO    |   SHAP plots saved to /Users/krishnajha/Traffic/outputs/shap
06:51:08 | INFO    | Phase 8 complete.
06:51:08 | INFO    | ============================================================
06:51:08 | INFO    | PHASE 9: PREDICTION PIPELINE
06:51:08 | INFO    | ============================================================
06:51:08 | INFO    | Loading models...
06:51:08 | INFO    |   Loaded: CatBoost
06:51:08 | INFO    |   Loaded: LightGBM
06:51:08 | INFO    |   Loaded: XGBoost
06:51:08 | INFO    |   Ensemble type: stacking
06:51:08 | INFO    | Loading test data from /Users/krishnajha/Traffic/dataset/test.csv...
06:51:08 | INFO    |   Test shape: (41778, 10)
06:51:08 | INFO    | Applying feature transformations...
06:51:08 | INFO    | PHASE 3: FEATURE ENGINEERING (transform)
06:51:08 | INFO    |   Handling missing values...
06:51:08 | INFO    |   Creating time features...
06:51:08 | INFO    |   Creating cyclic features...
06:51:08 | INFO    |   Creating geospatial features...
06:51:08 | INFO    |   Creating infrastructure features...
06:51:08 | INFO    |   Creating weather features...
06:51:08 | INFO    |   Creating interaction features...
06:51:08 | INFO    |   Creating landmark features...
06:51:08 | INFO    | Phase 3 complete (transform).
06:51:08 | INFO    |   Transformed shape: (41778, 44)
06:51:08 | INFO    | Generating predictions...
06:51:09 | INFO    |   Using stacking ensemble
06:51:09 | INFO    |   Predictions: mean=0.1302, std=0.1717, min=0.0000, max=1.0435
06:51:09 | INFO    | Exporting submission...
06:51:09 | INFO    |   Submission saved: /Users/krishnajha/Traffic/outputs/submissions/submission.csv
06:51:09 | INFO    |   Shape: (41778, 2)
06:51:09 | INFO    |   Preview:
   Index    demand
0      0  0.065987
1      1  0.031947
2      2  0.024729
3      3  0.031143
4      4  0.058882
06:51:09 | INFO    | Phase 9 complete.
06:51:09 | INFO    | 
Submission file: /Users/krishnajha/Traffic/outputs/submissions/submission.csv
06:51:09 | INFO    | 
============================================================
06:51:09 | INFO    | PIPELINE COMPLETE — Total time: 2.9 minutes
06:51:09 | INFO    | ============================================================
